// Jest Snapshot v1, https://goo.gl/fbAQLP

exports[`Oracle #grow gas for growing by 1 slot when index != cardinality - 1 1`] = `52617`;

exports[`Oracle #grow gas for growing by 1 slot when index == cardinality - 1 1`] = `52617`;

exports[`Oracle #grow gas for growing by 10 slots when index != cardinality - 1 1`] = `252759`;

exports[`Oracle #grow gas for growing by 10 slots when index == cardinality - 1 1`] = `252759`;

exports[`Oracle #initialize gas 1`] = `71531`;

exports[`Oracle #observe before initialization gas for observe since most recent 1`] = `10246`;

exports[`Oracle #observe before initialization gas for single observation at current time 1`] = `9132`;

exports[`Oracle #observe before initialization gas for single observation at current time counterfactually computed 1`] = `9567`;

exports[`Oracle #observe initialized with 5 observations with starting time of 5 fetch many values 1`] = `
Object {
  "liquidityCumulatives": Array [
    19,
    31,
    57,
    70,
    85,
    113,
    120,
  ],
  "tickCumulatives": Array [
    -13,
    -31,
    -43,
    -37,
    -15,
    9,
    15,
  ],
}
`;

exports[`Oracle #observe initialized with 5 observations with starting time of 5 gas all of last 20 seconds 1`] = `107855`;

exports[`Oracle #observe initialized with 5 observations with starting time of 5 gas between oldest and oldest + 1 1`] = `21410`;

exports[`Oracle #observe initialized with 5 observations with starting time of 5 gas latest equal 1`] = `9132`;

exports[`Oracle #observe initialized with 5 observations with starting time of 5 gas latest transform 1`] = `9567`;

exports[`Oracle #observe initialized with 5 observations with starting time of 5 gas middle 1`] = `19585`;

exports[`Oracle #observe initialized with 5 observations with starting time of 5 gas oldest 1`] = `21137`;

exports[`Oracle #observe initialized with 5 observations with starting time of 4294967291 fetch many values 1`] = `
Object {
  "liquidityCumulatives": Array [
    19,
    31,
    57,
    70,
    85,
    113,
    120,
  ],
  "tickCumulatives": Array [
    -13,
    -31,
    -43,
    -37,
    -15,
    9,
    15,
  ],
}
`;

exports[`Oracle #observe initialized with 5 observations with starting time of 4294967291 gas all of last 20 seconds 1`] = `107855`;

exports[`Oracle #observe initialized with 5 observations with starting time of 4294967291 gas between oldest and oldest + 1 1`] = `21410`;

exports[`Oracle #observe initialized with 5 observations with starting time of 4294967291 gas latest equal 1`] = `9132`;

exports[`Oracle #observe initialized with 5 observations with starting time of 4294967291 gas latest transform 1`] = `9567`;

exports[`Oracle #observe initialized with 5 observations with starting time of 4294967291 gas middle 1`] = `19585`;

exports[`Oracle #observe initialized with 5 observations with starting time of 4294967291 gas oldest 1`] = `21137`;
