// Jest Snapshot v1, https://goo.gl/fbAQLP

exports[`UniswapV3Factory #createPool gas 1`] = `4303865`;

exports[`UniswapV3Factory factory bytecode size 1`] = `23261`;

exports[`UniswapV3Factory pool bytecode size 1`] = `20868`;
