// Jest Snapshot v1, https://goo.gl/fbAQLP

exports[`UniswapV3Pool gas tests fee is off #burn above current price burn entire position after some time passes 1`] = `65760`;

exports[`UniswapV3Pool gas tests fee is off #burn above current price burn when only position using ticks 1`] = `65760`;

exports[`UniswapV3Pool gas tests fee is off #burn above current price entire position burn but other positions are using the ticks 1`] = `96854`;

exports[`UniswapV3Pool gas tests fee is off #burn above current price partial position burn 1`] = `111854`;

exports[`UniswapV3Pool gas tests fee is off #burn around current price burn entire position after some time passes 1`] = `77093`;

exports[`UniswapV3Pool gas tests fee is off #burn around current price burn when only position using ticks 1`] = `73877`;

exports[`UniswapV3Pool gas tests fee is off #burn around current price entire position burn but other positions are using the ticks 1`] = `102687`;

exports[`UniswapV3Pool gas tests fee is off #burn around current price partial position burn 1`] = `117687`;

exports[`UniswapV3Pool gas tests fee is off #burn below current price burn entire position after some time passes 1`] = `71670`;

exports[`UniswapV3Pool gas tests fee is off #burn below current price burn when only position using ticks 1`] = `71670`;

exports[`UniswapV3Pool gas tests fee is off #burn below current price entire position burn but other positions are using the ticks 1`] = `97473`;

exports[`UniswapV3Pool gas tests fee is off #burn below current price partial position burn 1`] = `112473`;

exports[`UniswapV3Pool gas tests fee is off #collect close to worst case 1`] = `36122`;

exports[`UniswapV3Pool gas tests fee is off #increaseObservationCardinalityNext grow by 1 slot 1`] = `54458`;

exports[`UniswapV3Pool gas tests fee is off #increaseObservationCardinalityNext no op 1`] = `28040`;

exports[`UniswapV3Pool gas tests fee is off #mint above current price add to position after some time passes 1`] = `123467`;

exports[`UniswapV3Pool gas tests fee is off #mint above current price add to position existing 1`] = `123467`;

exports[`UniswapV3Pool gas tests fee is off #mint above current price new position mint first in range 1`] = `242165`;

exports[`UniswapV3Pool gas tests fee is off #mint above current price second position in same range 1`] = `140567`;

exports[`UniswapV3Pool gas tests fee is off #mint around current price add to position after some time passes 1`] = `163495`;

exports[`UniswapV3Pool gas tests fee is off #mint around current price add to position existing 1`] = `154262`;

exports[`UniswapV3Pool gas tests fee is off #mint around current price new position mint first in range 1`] = `344676`;

exports[`UniswapV3Pool gas tests fee is off #mint around current price second position in same range 1`] = `171362`;

exports[`UniswapV3Pool gas tests fee is off #mint below current price add to position after some time passes 1`] = `124525`;

exports[`UniswapV3Pool gas tests fee is off #mint below current price add to position existing 1`] = `124525`;

exports[`UniswapV3Pool gas tests fee is off #mint below current price new position mint first in range 1`] = `324389`;

exports[`UniswapV3Pool gas tests fee is off #mint below current price second position in same range 1`] = `141625`;

exports[`UniswapV3Pool gas tests fee is off #poke best case 1`] = `60591`;

exports[`UniswapV3Pool gas tests fee is off #snapshotCumulativesInside tick above 1`] = `29993`;

exports[`UniswapV3Pool gas tests fee is off #snapshotCumulativesInside tick below 1`] = `29955`;

exports[`UniswapV3Pool gas tests fee is off #snapshotCumulativesInside tick inside 1`] = `40877`;

exports[`UniswapV3Pool gas tests fee is off #swapExact0For1 first swap in block moves tick, no initialized crossings 1`] = `131879`;

exports[`UniswapV3Pool gas tests fee is off #swapExact0For1 first swap in block with no tick movement 1`] = `110035`;

exports[`UniswapV3Pool gas tests fee is off #swapExact0For1 first swap in block, large swap crossing a single initialized tick 1`] = `150304`;

exports[`UniswapV3Pool gas tests fee is off #swapExact0For1 first swap in block, large swap crossing several initialized ticks 1`] = `180543`;

exports[`UniswapV3Pool gas tests fee is off #swapExact0For1 first swap in block, large swap, no initialized crossings 1`] = `151347`;

exports[`UniswapV3Pool gas tests fee is off #swapExact0For1 large swap crossing several initialized ticks after some time passes 1`] = `180543`;

exports[`UniswapV3Pool gas tests fee is off #swapExact0For1 large swap crossing several initialized ticks second time after some time passes 1`] = `240543`;

exports[`UniswapV3Pool gas tests fee is off #swapExact0For1 second swap in block moves tick, no initialized crossings 1`] = `131879`;

exports[`UniswapV3Pool gas tests fee is off #swapExact0For1 second swap in block with no tick movement 1`] = `110146`;

exports[`UniswapV3Pool gas tests fee is off #swapExact0For1 second swap in block, large swap crossing a single initialized tick 1`] = `134406`;

exports[`UniswapV3Pool gas tests fee is off #swapExact0For1 second swap in block, large swap crossing several initialized ticks 1`] = `164624`;

exports[`UniswapV3Pool gas tests fee is on #burn above current price burn entire position after some time passes 1`] = `65760`;

exports[`UniswapV3Pool gas tests fee is on #burn above current price burn when only position using ticks 1`] = `65760`;

exports[`UniswapV3Pool gas tests fee is on #burn above current price entire position burn but other positions are using the ticks 1`] = `96854`;

exports[`UniswapV3Pool gas tests fee is on #burn above current price partial position burn 1`] = `111854`;

exports[`UniswapV3Pool gas tests fee is on #burn around current price burn entire position after some time passes 1`] = `77093`;

exports[`UniswapV3Pool gas tests fee is on #burn around current price burn when only position using ticks 1`] = `73877`;

exports[`UniswapV3Pool gas tests fee is on #burn around current price entire position burn but other positions are using the ticks 1`] = `102687`;

exports[`UniswapV3Pool gas tests fee is on #burn around current price partial position burn 1`] = `117687`;

exports[`UniswapV3Pool gas tests fee is on #burn below current price burn entire position after some time passes 1`] = `71670`;

exports[`UniswapV3Pool gas tests fee is on #burn below current price burn when only position using ticks 1`] = `71670`;

exports[`UniswapV3Pool gas tests fee is on #burn below current price entire position burn but other positions are using the ticks 1`] = `97473`;

exports[`UniswapV3Pool gas tests fee is on #burn below current price partial position burn 1`] = `112473`;

exports[`UniswapV3Pool gas tests fee is on #collect close to worst case 1`] = `36122`;

exports[`UniswapV3Pool gas tests fee is on #increaseObservationCardinalityNext grow by 1 slot 1`] = `54458`;

exports[`UniswapV3Pool gas tests fee is on #increaseObservationCardinalityNext no op 1`] = `28040`;

exports[`UniswapV3Pool gas tests fee is on #mint above current price add to position after some time passes 1`] = `123467`;

exports[`UniswapV3Pool gas tests fee is on #mint above current price add to position existing 1`] = `123467`;

exports[`UniswapV3Pool gas tests fee is on #mint above current price new position mint first in range 1`] = `242165`;

exports[`UniswapV3Pool gas tests fee is on #mint above current price second position in same range 1`] = `140567`;

exports[`UniswapV3Pool gas tests fee is on #mint around current price add to position after some time passes 1`] = `163495`;

exports[`UniswapV3Pool gas tests fee is on #mint around current price add to position existing 1`] = `154262`;

exports[`UniswapV3Pool gas tests fee is on #mint around current price new position mint first in range 1`] = `344676`;

exports[`UniswapV3Pool gas tests fee is on #mint around current price second position in same range 1`] = `171362`;

exports[`UniswapV3Pool gas tests fee is on #mint below current price add to position after some time passes 1`] = `124525`;

exports[`UniswapV3Pool gas tests fee is on #mint below current price add to position existing 1`] = `124525`;

exports[`UniswapV3Pool gas tests fee is on #mint below current price new position mint first in range 1`] = `324389`;

exports[`UniswapV3Pool gas tests fee is on #mint below current price second position in same range 1`] = `141625`;

exports[`UniswapV3Pool gas tests fee is on #poke best case 1`] = `60591`;

exports[`UniswapV3Pool gas tests fee is on #snapshotCumulativesInside tick above 1`] = `29993`;

exports[`UniswapV3Pool gas tests fee is on #snapshotCumulativesInside tick below 1`] = `29955`;

exports[`UniswapV3Pool gas tests fee is on #snapshotCumulativesInside tick inside 1`] = `40877`;

exports[`UniswapV3Pool gas tests fee is on #swapExact0For1 first swap in block moves tick, no initialized crossings 1`] = `137266`;

exports[`UniswapV3Pool gas tests fee is on #swapExact0For1 first swap in block with no tick movement 1`] = `115275`;

exports[`UniswapV3Pool gas tests fee is on #swapExact0For1 first swap in block, large swap crossing a single initialized tick 1`] = `155838`;

exports[`UniswapV3Pool gas tests fee is on #swapExact0For1 first swap in block, large swap crossing several initialized ticks 1`] = `186518`;

exports[`UniswapV3Pool gas tests fee is on #swapExact0For1 first swap in block, large swap, no initialized crossings 1`] = `157028`;

exports[`UniswapV3Pool gas tests fee is on #swapExact0For1 large swap crossing several initialized ticks after some time passes 1`] = `186518`;

exports[`UniswapV3Pool gas tests fee is on #swapExact0For1 large swap crossing several initialized ticks second time after some time passes 1`] = `246518`;

exports[`UniswapV3Pool gas tests fee is on #swapExact0For1 second swap in block moves tick, no initialized crossings 1`] = `137266`;

exports[`UniswapV3Pool gas tests fee is on #swapExact0For1 second swap in block with no tick movement 1`] = `115386`;

exports[`UniswapV3Pool gas tests fee is on #swapExact0For1 second swap in block, large swap crossing a single initialized tick 1`] = `139793`;

exports[`UniswapV3Pool gas tests fee is on #swapExact0For1 second swap in block, large swap crossing several initialized ticks 1`] = `170452`;
